// Jest Snapshot v1, https://goo.gl/fbAQLP

exports[`matches snapshot 1`] = `
<View
  style={
    Object {
      "backgroundColor": "darkslateblue",
      "height": 60,
      "padding": 15,
    }
  }
>
  <Text
    style={
      Object {
        "color": "white",
        "fontSize": 25,
        "textAlign": "center",
      }
    }
  >
    TODOs:
  </Text>
</View>
`;
